            --------------------------------------------------------
                             AMBER SQM VERSION 19
 
                                     By
              Ross C. Walker, Michael F. Crowley, Scott Brozell,
                         Tim Giese, Andreas W. Goetz,
                        Tai-Sung Lee and David A. Case
 
            --------------------------------------------------------
 

--------------------------------------------------------------------------------
  QM CALCULATION INFO
--------------------------------------------------------------------------------

| QMMM: Citation for AMBER QMMM Run:
| QMMM: R.C. Walker, M.F. Crowley and D.A. Case, J. COMP. CHEM. 29:1019, 2008

QMMM: SINGLET STATE CALCULATION
QMMM: RHF CALCULATION, NO. OF DOUBLY OCCUPIED LEVELS = 31

| QMMM: *** Selected Hamiltonian *** 
| QMMM: AM1         

| QMMM: *** Parameter sets in use ***
| QMMM: C : M.J.S.DEWAR et al. JACS, 107, 3902, (1985)
| QMMM: N : M.J.S.DEWAR et al. JACS, 107, 3902, (1985)
| QMMM: O : M.J.S.DEWAR et al. JACS, 107, 3902, (1985)
| QMMM: H : M.J.S.DEWAR et al. JACS, 107, 3902, (1985)

| QMMM: *** SCF convergence criteria ***
| QMMM: Energy change                :  0.1D-09 kcal/mol
| QMMM: Error matrix |FP-PF|         :  0.1D+00 au
| QMMM: Density matrix change        :  0.5D-06
| QMMM: Maximum number of SCF cycles :     1000

| QMMM: *** Diagonalization Routine Information ***
| QMMM: Pseudo diagonalizations are allowed.
| QMMM: Auto diagonalization routine selection is in use.
| QMMM:
| QMMM: Timing diagonalization routines:
| QMMM:                              norbs =       57
| QMMM:    diag iterations used for timing =       15
| QMMM:
| QMMM:              Internal diag routine = 0.003027 seconds
| QMMM:                 Dspev diag routine = 0.011760 seconds
| QMMM:                Dspevd diag routine = 0.166580 seconds
| QMMM:                Dspevx diag routine = 0.016337 seconds
| QMMM:                 Dsyev diag routine = 0.011309 seconds
| QMMM:                Dsyevd diag routine = 0.148088 seconds
| QMMM:                Dsyevr diag routine = 0.004902 seconds
| QMMM:
| QMMM:                Pseudo diag routine = 0.000877 seconds
| QMMM:
| QMMM: Using internal diagonalization routine (diag_routine=1).

  QMMM: QM Region Cartesian Coordinates (*=link atom) 
  QMMM: QM_NO.   MM_NO.  ATOM         X         Y         Z
  QMMM:     1        1      C       58.9370   50.0960   40.9250
  QMMM:     2        2      N       56.3160   48.9200   42.9530
  QMMM:     3        3      O       58.1380   49.0780   41.6980
  QMMM:     4        4      C       60.1160   50.7080   40.3030
  QMMM:     5        5      O       55.5640   48.8680   40.9040
  QMMM:     6        6      C       61.2070   50.9490   40.9310
  QMMM:     7        7      C       60.9870   50.5320   42.3360
  QMMM:     8        8      C       61.7670   50.9020   43.3670
  QMMM:     9        9      C       62.7780   51.5610   43.0560
  QMMM:    10       10      C       63.0100   52.1260   41.8630
  QMMM:    11       11      C       62.2270   51.8180   40.8160
  QMMM:    12       12      C       56.6210   49.0840   41.6970
  QMMM:    13       13      H       58.7960   51.1760   40.8750
  QMMM:    14       14      H       58.9910   49.4970   40.0160
  QMMM:    15       15      H       57.1940   48.5970   43.3370
  QMMM:    16       16      H       59.9060   51.6120   40.2340
  QMMM:    17       17      H       60.1370   49.8840   42.5480
  QMMM:    18       18      H       61.5310   50.6460   44.3980
  QMMM:    19       19      H       63.5430   51.6880   43.8230
  QMMM:    20       20      H       63.8310   52.8340   41.7420
  QMMM:    21       21      H       62.4230   52.2820   39.8490

--------------------------------------------------------------------------------
  RESULTS
--------------------------------------------------------------------------------

      iter         sqm energy              rms gradient
      ----    -------------------    -----------------------
xmin    10      -30.6796 kcal/mol        1.9645 kcal/(mol*A)
xmin    20      -33.3571 kcal/mol        0.9740 kcal/(mol*A)
xmin    30      -34.1845 kcal/mol        1.0111 kcal/(mol*A)
xmin    40      -34.4222 kcal/mol        0.2665 kcal/(mol*A)
xmin    50      -34.4977 kcal/mol        0.7820 kcal/(mol*A)
xmin    60      -34.7286 kcal/mol        0.6892 kcal/(mol*A)
xmin    70      -34.9841 kcal/mol        0.1805 kcal/(mol*A)
xmin    80      -35.0567 kcal/mol        0.1152 kcal/(mol*A)
xmin    90      -35.0670 kcal/mol        0.0697 kcal/(mol*A)
xmin   100      -35.0725 kcal/mol        0.0644 kcal/(mol*A)
xmin   110      -35.0746 kcal/mol        0.0165 kcal/(mol*A)
xmin   120      -35.0771 kcal/mol        0.0375 kcal/(mol*A)
xmin   130      -35.0787 kcal/mol        0.0485 kcal/(mol*A)
xmin   140      -35.0803 kcal/mol        0.0487 kcal/(mol*A)
xmin   150      -35.0813 kcal/mol        0.0419 kcal/(mol*A)
xmin   160      -35.0832 kcal/mol        0.0358 kcal/(mol*A)
xmin   170      -35.0835 kcal/mol        0.0076 kcal/(mol*A)
xmin   180      -35.0840 kcal/mol        0.0269 kcal/(mol*A)
xmin   190      -35.0843 kcal/mol        0.0142 kcal/(mol*A)
xmin   200      -35.0846 kcal/mol        0.0417 kcal/(mol*A)
xmin   210      -35.0853 kcal/mol        0.0231 kcal/(mol*A)
xmin   220      -35.0856 kcal/mol        0.0070 kcal/(mol*A)
xmin   230      -35.0856 kcal/mol        0.0036 kcal/(mol*A)
xmin   240      -35.0856 kcal/mol        0.0054 kcal/(mol*A)
xmin   250      -35.0857 kcal/mol        0.0026 kcal/(mol*A)
xmin   260      -35.0857 kcal/mol        0.0008 kcal/(mol*A)
xmin   270      -35.0857 kcal/mol        0.0049 kcal/(mol*A)
xmin   280      -35.0857 kcal/mol        0.0037 kcal/(mol*A)
xmin   290      -35.0857 kcal/mol        0.0024 kcal/(mol*A)
xmin   300      -35.0857 kcal/mol        0.0030 kcal/(mol*A)
xmin   310      -35.0857 kcal/mol        0.0050 kcal/(mol*A)
xmin   320      -35.0857 kcal/mol        0.0052 kcal/(mol*A)
  ... geometry converged !
 
 Final MO eigenvalues (eV):
 -40.2971  -39.5992  -39.2408  -35.5351  -34.2576  -31.7959  -29.0543  -23.9721
 -23.4068  -21.9895  -21.4937  -18.2037  -17.9491  -17.1719  -16.5732  -16.3730
 -16.3629  -16.0081  -15.9538  -15.1727  -14.5186  -14.0560  -13.7117  -13.1400
 -12.4020  -12.1742  -11.6897  -11.1842  -10.8813  -10.0285   -9.8120    0.0193
   0.1981    0.4325    0.9801    1.7432    2.4758    2.5563    2.9217    3.2667
   3.4565    3.6486    3.7664    3.7964    3.8514    4.1397    4.2466    4.3077
   4.7223    4.7731    5.1936    5.2354    5.3553    5.6383    5.7450    6.0397
   7.3674

 Heat of formation   =        -35.08569908 kcal/mol  (       -1.52143008 eV)

 Total SCF energy    =     -48961.51297817 kcal/mol  (    -2123.13052245 eV)
 Electronic energy   =    -217254.16416869 kcal/mol  (    -9420.84749875 eV)
 Core-core repulsion =     168292.65119052 kcal/mol  (     7297.71697630 eV)
 
    Atomic Charges for Step       1 :
  Atom    Element       Mulliken Charge
     1      C                  0.203
     2      N                 -0.376
     3      O                 -0.319
     4      C                 -0.200
     5      O                 -0.228
     6      C                 -0.082
     7      C                 -0.117
     8      C                 -0.125
     9      C                 -0.124
    10      C                 -0.125
    11      C                 -0.130
    12      C                  0.314
    13      H                  0.128
    14      H                  0.103
    15      H                  0.282
    16      H                  0.125
    17      H                  0.138
    18      H                  0.136
    19      H                  0.135
    20      H                  0.135
    21      H                  0.129
 Total Mulliken Charge =      -0.000
 
                  X        Y        Z     TOTAL  
  QM DIPOLE     4.348    1.633   -0.943    4.740
 
 Final Structure

  QMMM: QM Region Cartesian Coordinates (*=link atom) 
  QMMM: QM_NO.   MM_NO.  ATOM         X         Y         Z
  QMMM:     1        1      C       59.6563   49.5851   40.2447
  QMMM:     2        2      N       56.1705   49.3408   41.7869
  QMMM:     3        3      O       58.6895   48.8312   40.1086
  QMMM:     4        4      C       59.5845   50.8552   41.0405
  QMMM:     5        5      O       54.1008   48.1683   42.2207
  QMMM:     6        6      C       60.8685   51.1517   41.7282
  QMMM:     7        7      C       60.9473   51.1104   43.1246
  QMMM:     8        8      C       62.1504   51.4000   43.7672
  QMMM:     9        9      C       63.2813   51.7314   43.0216
  QMMM:    10       10      C       63.2073   51.7750   41.6291
  QMMM:    11       11      C       62.0061   51.4876   40.9840
  QMMM:    12       12      C       55.1604   48.6512   41.9140
  QMMM:    13       13      H       58.7399   50.7955   41.7804
  QMMM:    14       14      H       60.6381   49.3654   39.7686
  QMMM:    15       15      H       56.9434   49.1759   41.1901
  QMMM:    16       16      H       59.3381   51.6886   40.3237
  QMMM:    17       17      H       60.0571   50.8509   43.7178
  QMMM:    18       18      H       62.2052   51.3668   44.8655
  QMMM:    19       19      H       64.2296   51.9593   43.5301
  QMMM:    20       20      H       64.0971   52.0385   41.0385
  QMMM:    21       21      H       61.9486   51.5292   39.8862

           --------- Calculation Completed ----------

